// Jest Snapshot v1, https://goo.gl/fbAQLP

exports[`renders a searchbar 1`] = `ShallowWrapper {}`;
